..........................................................               [100%]
=============================== warnings summary ===============================
tests/test_pairing.py::test_pairs_require_geometry_orbit_polarization_and_days
tests/test_pairing.py::test_pairs_require_geometry_orbit_polarization_and_days
tests/test_pairing.py::test_pairs_require_geometry_orbit_polarization_and_days
tests/test_pairing.py::test_pairs_require_geometry_orbit_polarization_and_days
tests/test_pairing.py::test_pairs_require_geometry_orbit_polarization_and_days
tests/test_pairing.py::test_pairs_require_geometry_orbit_polarization_and_days
  /workspace/scratch/4f20fa761d68/WAFIW_consolidated/src/afiw/observations/sentinel1.py:27: DeprecationWarning: The 'shapely.ops.transform()' function is deprecated. Use 'shapely.transform()' or 'shapely.transform_coordseq()' instead. See https://shapely.readthedocs.io/en/latest/manual.html#shapely.ops.transform for more details.
    aoi      = transform(tr.transform, box(*run.region.bbox))

tests/test_pairing.py::test_pairs_require_geometry_orbit_polarization_and_days
tests/test_pairing.py::test_pairs_require_geometry_orbit_polarization_and_days
  /workspace/scratch/4f20fa761d68/WAFIW_consolidated/src/afiw/observations/sentinel1.py:43: DeprecationWarning: The 'shapely.ops.transform()' function is deprecated. Use 'shapely.transform()' or 'shapely.transform_coordseq()' instead. See https://shapely.readthedocs.io/en/latest/manual.html#shapely.ops.transform for more details.
    fp = transform(tr.transform,shape(f['geometry']))

tests/test_pairing.py::test_pairs_require_geometry_orbit_polarization_and_days
tests/test_pairing.py::test_pairs_require_geometry_orbit_polarization_and_days
  /workspace/scratch/4f20fa761d68/WAFIW_consolidated/src/afiw/observations/sentinel1.py:44: DeprecationWarning: The 'shapely.ops.transform()' function is deprecated. Use 'shapely.transform()' or 'shapely.transform_coordseq()' instead. See https://shapely.readthedocs.io/en/latest/manual.html#shapely.ops.transform for more details.
    gp = transform(tr.transform,shape(g['geometry']))

tests/test_prepare_coastline.py::test_pole_enclosing_polygon_is_clipped_before_reprojection
tests/test_primary_maps.py::test_pygmt_classification_exports_and_bulletin_only_assembly
tests/test_primary_maps.py::test_unclassified_product_does_not_invent_classes
tests/test_primary_maps.py::test_rerender_preserves_existing_classification
tests/test_primary_maps.py::test_rerender_preserves_existing_classification
tests/test_primary_maps.py::test_outline_validation_matches_only_reviewed_observed_domain
tests/test_primary_maps.py::test_classified_raster_workflow_is_complete_and_reusable
tests/test_primary_maps.py::test_classified_raster_workflow_is_complete_and_reusable
tests/test_primary_maps.py::test_classified_raster_workflow_is_complete_and_reusable
  /workspace/scratch/4f20fa761d68/WAFIW_consolidated/src/afiw/processing/raster.py:67: DeprecationWarning: The 'shapely.ops.transform()' function is deprecated. Use 'shapely.transform()' or 'shapely.transform_coordseq()' instead. See https://shapely.readthedocs.io/en/latest/manual.html#shapely.ops.transform for more details.
    g=shape(f['geometry']);g=geom_transform(tr.transform,g)

-- Docs: https://docs.pytest.org/en/stable/how-to/capture-warnings.html
58 passed, 19 warnings in 136.26s (0:02:16)
